// Jest Snapshot v1, https://goo.gl/fbAQLP

exports[`Should handle pushing and popping Should handle pushing and popping properties 1`] = `
Object {
  "fillStyle": "red",
  "globalAlpha": 0.5,
  "globalCompositeOperation": "source-in",
  "imageSmoothingEnabled": true,
  "imageSmoothingQuality": "high",
  "strokeStyle": "green",
}
`;
